Microchip MPLAB XC8 Compiler V1.45 ()

Linker command line:

-W-3 --edf=D:\Program Files (x86)\Microchip\xc8\v1.45\dat\en_msgs.txt \
  -pivt0x8=08h -cs \
  -h+dist/default/production\Robot_PIC18F47K42_30_05.X.production.sym \
  --cmf=dist/default/production\Robot_PIC18F47K42_30_05.X.production.cmf -z \
  -Q18F47K42 -oC:\Users\luigi\AppData\Local\Temp\s9nk.2 \
  -Mdist/default/production/Robot_PIC18F47K42_30_05.X.production.map -E1 \
  -ver=XC8 --acfsm=1493 -ASTACK=016Eh-01fffh -pstack=STACK \
  -ACODE=00h-01FFFFh -ACONST=00h-01FFFFh -ASMALLCONST=02000h-020FFhx480 \
  -AMEDIUMCONST=02000h-0FFFFh,012000h-01FFFFh -ACOMRAM=01h-05Fh \
  -AABS1=00h-01FFFh -ABIGRAM=01h-01FFFh -ARAM=060h-0FFh,0100h-01FFhx31 \
  -ABANK0=060h-0FFh -ABANK1=0100h-01FFh -ABANK2=0200h-02FFh \
  -ABANK3=0300h-03FFh -ABANK4=0400h-04FFh -ABANK5=0500h-05FFh \
  -ABANK6=0600h-06FFh -ABANK7=0700h-07FFh -ABANK8=0800h-08FFh \
  -ABANK9=0900h-09FFh -ABANK10=0A00h-0AFFh -ABANK11=0B00h-0BFFh \
  -ABANK12=0C00h-0CFFh -ABANK13=0D00h-0DFFh -ABANK14=0E00h-0EFFh \
  -ABANK15=0F00h-0FFFh -ABANK16=01000h-010FFh -ABANK17=01100h-011FFh \
  -ABANK18=01200h-012FFh -ABANK19=01300h-013FFh -ABANK20=01400h-014FFh \
  -ABANK21=01500h-015FFh -ABANK22=01600h-016FFh -ABANK23=01700h-017FFh \
  -ABANK24=01800h-018FFh -ABANK25=01900h-019FFh -ABANK26=01A00h-01AFFh \
  -ABANK27=01B00h-01BFFh -ABANK28=01C00h-01CFFh -ABANK29=01D00h-01DFFh \
  -ABANK30=01E00h-01EFFh -ABANK31=01F00h-01FFFh \
  -ASFR=03800h-038FFhx7,03F00h-03F5Fh,03F60h-03FFFh -preset_vec=00h \
  -ppowerup=CODE,init -pramtop=02000h -psmallconst=SMALLCONST \
  -pmediumconst=MEDIUMCONST -pconst=CONST -AFARRAM=00h-00h \
  -ACONFIG=0300000h-0300009h -pconfig=CONFIG -AIDLOC=0200000h-020000Fh \
  -pidloc=IDLOC -AEEDATA=0310000h-03103FFh -peeprom_data=EEDATA \
  -prdata=COMRAM,nvrram=COMRAM,nvbit=COMRAM,rbss=COMRAM,rbit=COMRAM \
  -pfarbss=FARRAM,fardata=FARRAM,nvFARRAM=FARRAM \
  -pintsave_regs=BIGRAM,bigbss=BIGRAM,bigdata=BIGRAM -pbss=RAM \
  -pidata=CODE,irdata=CODE,ibigdata=CODE,ifardata=CODE -prparam=COMRAM \
  C:\Users\luigi\AppData\Local\Temp\s9nk.obj \
  dist/default/production\Robot_PIC18F47K42_30_05.X.production.obj 

Object code version is 3.11

Machine type is 18F47K42

Call graph: (short form)




                Name                               Link     Load   Length Selector   Space Scale
C:\Users\luigi\AppData\Local\Temp\s9nk.obj
                init                                 AE       AE        4        4       0
                reset_vec                             0        0        4        0       0
                idloc                            200000   200000       10   200000       0
                config                           300000   300000        A   300000       0
dist/default/production\Robot_PIC18F47K42_30_05.X.production.obj
                smallconst                         2000     2000       CA     1000       0
                ivt0x8                                8        8       A6        4       0
                text74                             6B22     6B22       14     1AB4       0
                text73                             6586     6586       3C     1065       0
                text72                             6A3C     6A3C       1A     1A69       0
                text71                             6668     6668       34     199A       0
                text70                             6B58     6B58        2     1AD6       0
                text69                             685C     685C       28     199A       0
                text68                             6474     6474       50     1065       0
                text67                             69E4     69E4       20     1A69       0
                text66                             6834     6834       28     199A       0
                text65                             62B4     62B4       6A     1065       0
                text64                             69C4     69C4       20     1A69       0
                text63                             680C     680C       28     199A       0
                text62                             6732     6732       32     199A       0
                text61                             6AD0     6AD0       16     1AB4       0
                text60                             67E4     67E4       28     199A       0
                text59                             6700     6700       32     199A       0
                text58                             6AB8     6AB8       16     1AAE       0
                text57                             67BC     67BC       28     199A       0
                text56                             66CE     66CE       32     199A       0
                text55                             6AA0     6AA0       16     1AA8       0
                text54                             6794     6794       28     199A       0
                text53                             63D2     63D2       52     1065       0
                text52                             69A4     69A4       20     1A69       0
                text51                             6A86     6A86       18     1A69       0
                text50                             6B0E     6B0E       14     1AB4       0
                text49                             65C2     65C2       3A     1065       0
                text48                             6A04     6A04       1E     1A69       0
                text47                             6A22     6A22       1A     1A69       0
                text46                             6632     6632       34     1065       0
                text45                             3526     3526      41C     1065       0
                text44                             6506     6506       42     1065       0
                text43                             6B36     6B36        E     1AB4       0
                text42                             6424     6424       50     1065       0
                text41                             6A6E     6A6E       18     1A69       0
                text40                             6106     6106       A6     1065       0
                text39                             695C     695C       24     199A       0
                text38                             6A56     6A56       18     1A69       0
                text37                             6938     6938       24     199A       0
                text36                             6914     6914       24     199A       0
                text35                             68F0     68F0       24     199A       0
                text34                             68CC     68CC       24     199A       0
                text33                             68A8     68A8       24     199A       0
                text32                             6884     6884       24     199A       0
                text31                             669C     669C       32     199A       0
                text30                             64C4     64C4       42     1065       0
                text29                             6B44     6B44        C     1AB4       0
                text28                             6AFA     6AFA       14     1AB4       0
                text27                             4A8A     4A8A      2E6     1065       0
                text26                             5AC6     5AC6      130     1065       0
                text25                             40F0     40F0      380     1065       0
                text24                             3D3E     3D3E      3B2     1065       0
                text23                             5976     5976      150     1065       0
                text22                             65FC     65FC       36     1065       0
                text21                             637E     637E       54     1065       0
                text20                             479C     479C      2EE     1065       0
                text19                             4470     4470      32C     1065       0
                text18                             501A     501A      2AA     1065       0
                text17                             5F4A     5F4A       EE     1065       0
                text16                             56A0     56A0      174     1065       0
                text15                             61AC     61AC       8E     1065       0
                text14                             6038     6038       CE     1065       0
                text13                             5E44     5E44      106     1065       0
                text12                             54B2     54B2      1EE     1065       0
                text11                             6AE6     6AE6       14     1AB4       0
                text10                             631E     631E       60     1065       0
                text9                              5814     5814      162     1065       0
                text8                              3942     3942      3FC     1065       0
                text7                              5D20     5D20      124     1065       0
                text6                              2F54     2F54      5D2     1065       0
                text5                              4D70     4D70      2AA     1065       0
                text4                              6980     6980       22     199A       0
                text3                              5BF6     5BF6      12A     1065       0
                text2                              52C4     52C4      1EE     1065       0
                text1                              6548     6548       3E     1065       0
                text0                              20CA     20CA      E8A     1065       0
                cstackCOMRAM                          1        1       46        1       1
                cstackBANK0                          60       60       59       60       1
                cstackBANK1                         15E      15E       10      100       1
                dataBANK1                           100      100       30      100       1
                bssBANK1                            130      130       2E      100       1
                dataBANK0                            F9       F9        6       60       1
                bssBANK0                             B9       B9       40       60       1
                bssCOMRAM                            47       47        C        1       1
                cinit                              623A     623A       7A     1065       0
                idataBANK1                         6764     6764       30     199A       0
                idataBANK0                         6B50     6B50        6     1AB4       0

TOTAL           Name                               Link     Load   Length     Space
        CLASS   STACK          

        CLASS   CODE           
                init                                 AE       AE        4         0
                reset_vec                             0        0        4         0
                ivt0x8                                8        8       A6         0
                text74                             6B22     6B22       14         0
                text73                             6586     6586       3C         0
                text72                             6A3C     6A3C       1A         0
                text71                             6668     6668       34         0
                text70                             6B58     6B58        2         0
                text69                             685C     685C       28         0
                text68                             6474     6474       50         0
                text67                             69E4     69E4       20         0
                text66                             6834     6834       28         0
                text65                             62B4     62B4       6A         0
                text64                             69C4     69C4       20         0
                text63                             680C     680C       28         0
                text62                             6732     6732       32         0
                text61                             6AD0     6AD0       16         0
                text60                             67E4     67E4       28         0
                text59                             6700     6700       32         0
                text58                             6AB8     6AB8       16         0
                text57                             67BC     67BC       28         0
                text56                             66CE     66CE       32         0
                text55                             6AA0     6AA0       16         0
                text54                             6794     6794       28         0
                text53                             63D2     63D2       52         0
                text52                             69A4     69A4       20         0
                text51                             6A86     6A86       18         0
                text50                             6B0E     6B0E       14         0
                text49                             65C2     65C2       3A         0
                text48                             6A04     6A04       1E         0
                text47                             6A22     6A22       1A         0
                text46                             6632     6632       34         0
                text45                             3526     3526      41C         0
                text44                             6506     6506       42         0
                text43                             6B36     6B36        E         0
                text42                             6424     6424       50         0
                text41                             6A6E     6A6E       18         0
                text40                             6106     6106       A6         0
                text39                             695C     695C       24         0
                text38                             6A56     6A56       18         0
                text37                             6938     6938       24         0
                text36                             6914     6914       24         0
                text35                             68F0     68F0       24         0
                text34                             68CC     68CC       24         0
                text33                             68A8     68A8       24         0
                text32                             6884     6884       24         0
                text31                             669C     669C       32         0
                text30                             64C4     64C4       42         0
                text29                             6B44     6B44        C         0
                text28                             6AFA     6AFA       14         0
                text27                             4A8A     4A8A      2E6         0
                text26                             5AC6     5AC6      130         0
                text25                             40F0     40F0      380         0
                text24                             3D3E     3D3E      3B2         0
                text23                             5976     5976      150         0
                text22                             65FC     65FC       36         0
                text21                             637E     637E       54         0
                text20                             479C     479C      2EE         0
                text19                             4470     4470      32C         0
                text18                             501A     501A      2AA         0
                text17                             5F4A     5F4A       EE         0
                text16                             56A0     56A0      174         0
                text15                             61AC     61AC       8E         0
                text14                             6038     6038       CE         0
                text13                             5E44     5E44      106         0
                text12                             54B2     54B2      1EE         0
                text11                             6AE6     6AE6       14         0
                text10                             631E     631E       60         0
                text9                              5814     5814      162         0
                text8                              3942     3942      3FC         0
                text7                              5D20     5D20      124         0
                text6                              2F54     2F54      5D2         0
                text5                              4D70     4D70      2AA         0
                text4                              6980     6980       22         0
                text3                              5BF6     5BF6      12A         0
                text2                              52C4     52C4      1EE         0
                text1                              6548     6548       3E         0
                text0                              20CA     20CA      E8A         0
                cinit                              623A     623A       7A         0
                idataBANK1                         6764     6764       30         0
                idataBANK0                         6B50     6B50        6         0

        CLASS   CONST          

        CLASS   SMALLCONST     
                smallconst                         2000     2000       CA         0

        CLASS   MEDIUMCONST    

        CLASS   COMRAM         
                cstackCOMRAM                          1        1       46         1
                bssCOMRAM                            47       47        C         1

        CLASS   ABS1           

        CLASS   BIGRAM         

        CLASS   RAM            

        CLASS   BANK0          
                cstackBANK0                          60       60       59         1
                dataBANK0                            F9       F9        6         1
                bssBANK0                             B9       B9       40         1

        CLASS   BANK1          
                cstackBANK1                         15E      15E       10         1
                dataBANK1                           100      100       30         1
                bssBANK1                            130      130       2E         1

        CLASS   BANK2          

        CLASS   BANK3          

        CLASS   BANK4          

        CLASS   BANK5          

        CLASS   BANK6          

        CLASS   BANK7          

        CLASS   BANK8          

        CLASS   BANK9          

        CLASS   BANK10         

        CLASS   BANK11         

        CLASS   BANK12         

        CLASS   BANK13         

        CLASS   BANK14         

        CLASS   BANK15         

        CLASS   BANK16         

        CLASS   BANK17         

        CLASS   BANK18         

        CLASS   BANK19         

        CLASS   BANK20         

        CLASS   BANK21         

        CLASS   BANK22         

        CLASS   BANK23         

        CLASS   BANK24         

        CLASS   BANK25         

        CLASS   BANK26         

        CLASS   BANK27         

        CLASS   BANK28         

        CLASS   BANK29         

        CLASS   BANK30         

        CLASS   BANK31         

        CLASS   SFR            

        CLASS   FARRAM         

        CLASS   CONFIG         
                config                           300000   300000        A         0

        CLASS   IDLOC          
                idloc                            200000   200000       10         0

        CLASS   EEDATA         



SEGMENTS        Name                           Load    Length   Top    Selector   Space  Class

                reset_vec                      000000  000004  000004         0       0  CODE    
                cstackCOMRAM                   000001  000052  000053         1       1  COMRAM  
                ivt0x8                         000008  0000AA  0000B2         4       0  CODE    
                cstackBANK0                    000060  00009F  0000FF        60       1  BANK0   
                dataBANK1                      000100  00006E  00016E       100       1  BANK1   
                smallconst                     002000  0000CA  0020CA      1000       0  SMALLCON
                text0                          0020CA  00459C  006666      1065       0  CODE    
                text71                         006668  00033A  0069A2      199A       0  CODE    
                text52                         0069A4  0000FA  006A9E      1A69       0  CODE    
                text55                         006AA0  000016  006AB6      1AA8       0  CODE    
                text58                         006AB8  000016  006ACE      1AAE       0  CODE    
                text61                         006AD0  000086  006B56      1AB4       0  CODE    
                text70                         006B58  000002  006B5A      1AD6       0  CODE    
                idloc                          200000  000010  200010    200000       0  IDLOC   
                config                         300000  00000A  30000A    300000       0  CONFIG  


UNUSED ADDRESS RANGES

        Name                Unused          Largest block    Delta
        BANK0            0000FF-0000FF                1
        BANK1            00016E-0001FF               92
        BANK10           000A00-000AFF              100
        BANK11           000B00-000BFF              100
        BANK12           000C00-000CFF              100
        BANK13           000D00-000DFF              100
        BANK14           000E00-000EFF              100
        BANK15           000F00-000FFF              100
        BANK16           001000-0010FF              100
        BANK17           001100-0011FF              100
        BANK18           001200-0012FF              100
        BANK19           001300-0013FF              100
        BANK2            000200-0002FF              100
        BANK20           001400-0014FF              100
        BANK21           001500-0015FF              100
        BANK22           001600-0016FF              100
        BANK23           001700-0017FF              100
        BANK24           001800-0018FF              100
        BANK25           001900-0019FF              100
        BANK26           001A00-001AFF              100
        BANK27           001B00-001BFF              100
        BANK28           001C00-001CFF              100
        BANK29           001D00-001DFF              100
        BANK3            000300-0003FF              100
        BANK30           001E00-001EFF              100
        BANK31           001F00-001FFF              100
        BANK4            000400-0004FF              100
        BANK5            000500-0005FF              100
        BANK6            000600-0006FF              100
        BANK7            000700-0007FF              100
        BANK8            000800-0008FF              100
        BANK9            000900-0009FF              100
        BIGRAM           000053-00005F                D
                         0000FF-0000FF                1
                         00016E-001FFF             1E92
        CODE             000004-000007                4
                         0000B2-001FFF             1F4E
                         006666-006667                2
                         0069A2-0069A3                2
                         006A9E-006A9F                2
                         006AB6-006AB7                2
                         006ACE-006ACF                2
                         006B56-006B57                2
                         006B5A-01FFFF            194A6
        COMRAM           000053-00005F                D
        CONST            000004-000007                4
                         0000B2-001FFF             1F4E
                         006666-006667                2
                         0069A2-0069A3                2
                         006A9E-006A9F                2
                         006AB6-006AB7                2
                         006ACE-006ACF                2
                         006B56-006B57                2
                         006B5A-01FFFF            194A6
        EEDATA           310000-3103FF              400
        MEDIUMCONST      006666-006667                2
                         0069A2-0069A3                2
                         006A9E-006A9F                2
                         006AB6-006AB7                2
                         006ACE-006ACF                2
                         006B56-006B57                2
                         006B5A-00FFFF             94A6
                         012000-01FFFF             E000
        RAM              0000FF-0000FF                1
                         00016E-001FFF              100
        SFR              003800-003FFF              100
        SMALLCONST       006666-006667                2
                         0069A2-0069A3                2
                         006A9E-006A9F                2
                         006AB6-006AB7                2
                         006ACE-006ACF                2
                         006B56-006B57                2
                         006B5A-01FFFF              100
        STACK            00016E-001FFF             1E92

                                  Symbol Table

?___fladd                             cstackCOMRAM 000035
?___fldiv                             cstackCOMRAM 00001C
?___flmul                             cstackBANK0  000064
?___flneg                             cstackCOMRAM 00001C
?___flsub                             cstackBANK0  00008F
?___fltol                             cstackBANK0  00007D
?___xxtofl                            cstackCOMRAM 00000E
?_atan                                cstackBANK0  00009A
?_cos                                 cstackBANK0  0000A8
?_eval_poly                           cstackBANK0  00007D
?_fabs                                cstackCOMRAM 000020
?_floor                               cstackBANK0  000085
?_round                               cstackBANK0  00008F
?_sin                                 cstackBANK0  000097
?_sqrt                                cstackBANK0  00007D
?_trunc                               cstackBANK0  000085
INTERRUPT_Initialize@state            cstackCOMRAM 00000E
IVTBASEH                              (abs)        003FD6
IVTBASEL                              (abs)        003FD5
IVTBASEU                              (abs)        003FD7
RFM70_Initialize@WriteArr             cstackCOMRAM 00001A
RFM70_Initialize@i                    cstackCOMRAM 000026
RFM70_Initialize@j                    cstackCOMRAM 000027
SPI_RW@value                          cstackCOMRAM 00000E
SPI_Read_Buf@byte_ctr                 cstackCOMRAM 000007
SPI_Read_Buf@length                   cstackCOMRAM 000004
SPI_Read_Buf@pBuf                     cstackCOMRAM 000002
SPI_Read_Buf@reg                      cstackCOMRAM 000006
SPI_Read_Buf@status                   cstackCOMRAM 000005
SPI_Read_Reg@reg                      cstackCOMRAM 000010
SPI_Read_Reg@status                   cstackCOMRAM 00000F
SPI_Read_Reg@value                    cstackCOMRAM 000011
SPI_Write_Buf@byte_ctr                cstackCOMRAM 000014
SPI_Write_Buf@length                  cstackCOMRAM 000011
SPI_Write_Buf@pBuf                    cstackCOMRAM 00000F
SPI_Write_Buf@reg                     cstackCOMRAM 000013
SPI_Write_Buf@status                  cstackCOMRAM 000012
SPI_Write_Reg@reg                     cstackCOMRAM 000011
SPI_Write_Reg@status                  cstackCOMRAM 000010
SPI_Write_Reg@value                   cstackCOMRAM 00000F
SwitchCFG@Tmp                         cstackCOMRAM 000013
SwitchCFG@_cfg                        cstackCOMRAM 000012
SwitchToRxMode@value                  cstackCOMRAM 000012
_ANSELA                               (abs)        003A40
_ANSELB                               (abs)        003A50
_ANSELC                               (abs)        003A60
_ANSELD                               (abs)        003A70
_ANSELE                               (abs)        003A80
_BM_phases                            dataBANK1    000118
_B_motor                              text56       0066CE
_B_motor_LAT                          text57       0067BC
_B_phase                              bssBANK0     0000F2
_Bank0_Reg                            smallconst   002039
_Bank1_Reg0_13                        smallconst   002001
_Bank1_Reg14                          smallconst   002067
_Default_ISR                          text70       006B58
_EM_phases                            dataBANK1    000108
_EXT_INT_Initialize                   text43       006B36
_E_motor                              text68       006474
_E_motor_LAT                          text69       00685C
_E_phase                              bssBANK0     0000F0
_GIE                                  (abs)        01FE97
_GIEH                                 (abs)        01FE97
_GIEL                                 (abs)        01FE96
_GM_phases                            dataBANK1    000100
_G_motor                              text65       0062B4
_G_motor_LAT                          text66       006834
_G_phase                              bssBANK0     0000EF
_G_start_check                        text51       006A86
_INLVLB                               (abs)        003A54
_INT0PPS                              (abs)        003AC0
_INT0_ISR                             text71       006668
_INTCON0bits                          (abs)        003FD2
_INTERRUPT_Initialize                 text42       006424
_IPR1bits                             (abs)        003981
_IPR4bits                             (abs)        003984
_IPR6bits                             (abs)        003986
_IPR7bits                             (abs)        003987
_IPR8bits                             (abs)        003988
_IPR9bits                             (abs)        003989
_IVTADH                               (abs)        00389E
_IVTADL                               (abs)        00389D
_IVTADU                               (abs)        00389F
_IVTLOCK                              (abs)        003FD4
_IVTLOCKbits                          (abs)        003FD4
_LATA                                 (abs)        003FBA
_LATA0                                (abs)        01FDD0
_LATA1                                (abs)        01FDD1
_LATA2                                (abs)        01FDD2
_LATA3                                (abs)        01FDD3
_LATA4                                (abs)        01FDD4
_LATA5                                (abs)        01FDD5
_LATA6                                (abs)        01FDD6
_LATA7                                (abs)        01FDD7
_LATB                                 (abs)        003FBB
_LATC                                 (abs)        003FBC
_LATC0                                (abs)        01FDE0
_LATC1                                (abs)        01FDE1
_LATC2                                (abs)        01FDE2
_LATC3                                (abs)        01FDE3
_LATC4                                (abs)        01FDE4
_LATC5                                (abs)        01FDE5
_LATC6                                (abs)        01FDE6
_LATC7                                (abs)        01FDE7
_LATD                                 (abs)        003FBD
_LATD0                                (abs)        01FDE8
_LATD1                                (abs)        01FDE9
_LATD2                                (abs)        01FDEA
_LATD3                                (abs)        01FDEB
_LATD4                                (abs)        01FDEC
_LATD5                                (abs)        01FDED
_LATD6                                (abs)        01FDEE
_LATD7                                (abs)        01FDEF
_LATE                                 (abs)        003FBE
_LAT_copy                             bssCOMRAM    00004F
_LWM_phases                           dataBANK1    000128
_LW_motor                             text59       006700
_LW_motor_LAT                         text60       0067E4
_LW_phase                             bssBANK0     0000F4
_ODCONA                               (abs)        003A42
_ODCONB                               (abs)        003A52
_ODCONC                               (abs)        003A62
_ODCOND                               (abs)        003A72
_ODCONE                               (abs)        003A82
_OSCCON1                              (abs)        0039D9
_OSCCON3                              (abs)        0039DB
_OSCEN                                (abs)        0039DD
_OSCFRQ                               (abs)        0039DF
_OSCILLATOR_Initialize                text41       006A6E
_OSCTUNE                              (abs)        0039DE
_PIE1bits                             (abs)        003991
_PIE4bits                             (abs)        003994
_PIE6bits                             (abs)        003996
_PIE7bits                             (abs)        003997
_PIE8bits                             (abs)        003998
_PIE9bits                             (abs)        003999
_PIN_MANAGER_Initialize               text40       006106
_PIR1bits                             (abs)        0039A1
_PIR2bits                             (abs)        0039A2
_PIR4bits                             (abs)        0039A4
_PIR6bits                             (abs)        0039A6
_PIR7bits                             (abs)        0039A7
_PIR8bits                             (abs)        0039A8
_PIR9bits                             (abs)        0039A9
_PMD0                                 (abs)        0039C0
_PMD1                                 (abs)        0039C1
_PMD2                                 (abs)        0039C2
_PMD3                                 (abs)        0039C3
_PMD4                                 (abs)        0039C4
_PMD5                                 (abs)        0039C5
_PMD6                                 (abs)        0039C6
_PMD7                                 (abs)        0039C7
_PMD_Initialize                       text39       00695C
_PORTEbits                            (abs)        003FCE
_Pitch                                bssBANK0     0000D1
_R0                                   bssBANK0     0000CD
_RB1I2C                               (abs)        003A5A
_RB1PPS                               (abs)        003A09
_RB2                                  (abs)        01FE5A
_RB2I2C                               (abs)        003A5B
_RB3                                  (abs)        01FE5B
_RB4PPS                               (abs)        003A0C
_RC3I2C                               (abs)        003A6A
_RC4I2C                               (abs)        003A6B
_RD0I2C                               (abs)        003A7A
_RD1I2C                               (abs)        003A7B
_RFM70_Initialize                     text45       003526
_RR                                   bssBANK1     00014C
_RWM_phases                           dataBANK1    000120
_RW_motor                             text62       006732
_RW_motor_LAT                         text63       00680C
_RW_phase                             bssBANK0     0000F3
_RX0_Address                          smallconst   002075
_RX1_Address                          smallconst   002072
_RX_PORTA                             dataBANK0    0000FE
_RX_PORTB                             dataBANK0    0000FD
_Roll                                 bssBANK1     000150
_SEG_start_check                      text44       006506
_SLRCONA                              (abs)        003A43
_SLRCONB                              (abs)        003A53
_SLRCONC                              (abs)        003A63
_SLRCOND                              (abs)        003A73
_SLRCONE                              (abs)        003A83
_SM_phases                            dataBANK1    000110
_SPI1BAUD                             (abs)        003D19
_SPI1CLK                              (abs)        003D1C
_SPI1CON0                             (abs)        003D14
_SPI1CON1                             (abs)        003D15
_SPI1CON2                             (abs)        003D16
_SPI1RXB                              (abs)        003D10
_SPI1SCKPPS                           (abs)        003ADE
_SPI1SDIPPS                           (abs)        003ADF
_SPI1TXB                              (abs)        003D11
_SPI1_Initialize                      text38       006A56
_SPI_RW                               text50       006B0E
_SPI_Read_Buf                         text73       006586
_SPI_Read_Reg                         text48       006A04
_SPI_Write_Buf                        text49       0065C2
_SPI_Write_Reg                        text47       006A22
_SYSTEM_Initialize                    text31       00669C
_S_motor                              text53       0063D2
_S_motor_LAT                          text54       006794
_S_phase                              bssBANK0     0000F1
_SwitchCFG                            text46       006632
_SwitchToRxMode                       text30       0064C4
_T1CLK                                (abs)        003FB5
_T1CON                                (abs)        003FB2
_T1CONbits                            (abs)        003FB2
_T1GATE                               (abs)        003FB4
_T1GCON                               (abs)        003FB3
_T2CLKCON                             (abs)        003FAE
_T2CON                                (abs)        003FAC
_T2CONbits                            (abs)        003FAC
_T2HLT                                (abs)        003FAD
_T2PR                                 (abs)        003FAB
_T2RST                                (abs)        003FAF
_T2TMR                                (abs)        003FAA
_T3CLK                                (abs)        003FA9
_T3CON                                (abs)        003FA6
_T3CONbits                            (abs)        003FA6
_T3GATE                               (abs)        003FA8
_T3GCON                               (abs)        003FA7
_T4CLKCON                             (abs)        003FA2
_T4CON                                (abs)        003FA0
_T4CONbits                            (abs)        003FA0
_T4HLT                                (abs)        003FA1
_T4PR                                 (abs)        003F9F
_T4RST                                (abs)        003FA3
_T4TMR                                (abs)        003F9E
_T5CLK                                (abs)        003F9D
_T5CON                                (abs)        003F9A
_T5CONbits                            (abs)        003F9A
_T5GATE                               (abs)        003F9C
_T5GCON                               (abs)        003F9B
_T6CLKCON                             (abs)        003F96
_T6CON                                (abs)        003F94
_T6CONbits                            (abs)        003F94
_T6HLT                                (abs)        003F95
_T6PR                                 (abs)        003F93
_T6RST                                (abs)        003F97
_T6TMR                                (abs)        003F92
_TMR1H                                (abs)        003FB1
_TMR1IF                               (abs)        01CD20
_TMR1L                                (abs)        003FB0
_TMR1_ISR                             text52       0069A4
_TMR1_Initialize                      text37       006938
_TMR2IF                               (abs)        01CD22
_TMR2_ISR                             text55       006AA0
_TMR2_Initialize                      text36       006914
_TMR3H                                (abs)        003FA5
_TMR3IF                               (abs)        01CD36
_TMR3L                                (abs)        003FA4
_TMR3_ISR                             text67       0069E4
_TMR3_Initialize                      text35       0068F0
_TMR4IF                               (abs)        01CD38
_TMR4_ISR                             text58       006AB8
_TMR4_Initialize                      text34       0068CC
_TMR5H                                (abs)        003F99
_TMR5IF                               (abs)        01CD46
_TMR5L                                (abs)        003F98
_TMR5_ISR                             text64       0069C4
_TMR5_Initialize                      text33       0068A8
_TMR6IF                               (abs)        01CD48
_TMR6_ISR                             text61       006AD0
_TMR6_Initialize                      text32       006884
_TRISA                                (abs)        003FC2
_TRISB                                (abs)        003FC3
_TRISC                                (abs)        003FC4
_TRISD                                (abs)        003FC5
_TRISE                                (abs)        003FC6
_WPUA                                 (abs)        003A41
_WPUB                                 (abs)        003A51
_WPUC                                 (abs)        003A61
_WPUD                                 (abs)        003A71
_WPUE                                 (abs)        003A81
_X_c                                  bssBANK0     0000D9
_Y_c                                  bssBANK0     0000D5
_Z0                                   bssBANK0     0000C9
_Z_c                                  bssBANK1     000154
__CFG_BBEN$OFF                        (abs)        000000
__CFG_BBSIZE$BBSIZE_512               (abs)        000000
__CFG_BOREN$SBORDIS                   (abs)        000000
__CFG_BORV$VBOR_2P85                  (abs)        000000
__CFG_CLKOUTEN$OFF                    (abs)        000000
__CFG_CP$OFF                          (abs)        000000
__CFG_CSWEN$ON                        (abs)        000000
__CFG_DEBUG$OFF                       (abs)        000000
__CFG_FCMEN$ON                        (abs)        000000
__CFG_FEXTOSC$OFF                     (abs)        000000
__CFG_IVT1WAY$ON                      (abs)        000000
__CFG_LPBOREN$OFF                     (abs)        000000
__CFG_LVP$OFF                         (abs)        000000
__CFG_MCLRE$INTMCLR                   (abs)        000000
__CFG_MVECEN$ON                       (abs)        000000
__CFG_PPS1WAY$ON                      (abs)        000000
__CFG_PR1WAY$ON                       (abs)        000000
__CFG_PWRTS$PWRT_64                   (abs)        000000
__CFG_RSTOSC$HFINTOSC_64MHZ           (abs)        000000
__CFG_SAFEN$OFF                       (abs)        000000
__CFG_STVREN$ON                       (abs)        000000
__CFG_WDTCCS$SC                       (abs)        000000
__CFG_WDTCPS$WDTCPS_31                (abs)        000000
__CFG_WDTCWS$WDTCWS_7                 (abs)        000000
__CFG_WDTE$OFF                        (abs)        000000
__CFG_WRTAPP$OFF                      (abs)        000000
__CFG_WRTB$OFF                        (abs)        000000
__CFG_WRTC$OFF                        (abs)        000000
__CFG_WRTD$OFF                        (abs)        000000
__CFG_WRTSAF$OFF                      (abs)        000000
__CFG_XINST$OFF                       (abs)        000000
__CFG_ZCD$OFF                         (abs)        000000
__HRAM                                (abs)        000000
__Habs1                               abs1         000000
__Hbank0                              bank0        000000
__Hbank1                              bank1        000000
__Hbank10                             bank10       000000
__Hbank11                             bank11       000000
__Hbank12                             bank12       000000
__Hbank13                             bank13       000000
__Hbank14                             bank14       000000
__Hbank15                             bank15       000000
__Hbank16                             bank16       000000
__Hbank17                             bank17       000000
__Hbank18                             bank18       000000
__Hbank19                             bank19       000000
__Hbank2                              bank2        000000
__Hbank20                             bank20       000000
__Hbank21                             bank21       000000
__Hbank22                             bank22       000000
__Hbank23                             bank23       000000
__Hbank24                             bank24       000000
__Hbank25                             bank25       000000
__Hbank26                             bank26       000000
__Hbank27                             bank27       000000
__Hbank28                             bank28       000000
__Hbank29                             bank29       000000
__Hbank3                              bank3        000000
__Hbank30                             bank30       000000
__Hbank31                             bank31       000000
__Hbank4                              bank4        000000
__Hbank5                              bank5        000000
__Hbank6                              bank6        000000
__Hbank7                              bank7        000000
__Hbank8                              bank8        000000
__Hbank9                              bank9        000000
__Hbigbss                             bigbss       000000
__Hbigdata                            bigdata      000000
__Hbigram                             bigram       000000
__Hbss                                bss          000000
__HbssBANK0                           bssBANK0     000000
__HbssBANK1                           bssBANK1     000000
__HbssCOMRAM                          bssCOMRAM    000000
__Hcinit                              cinit        000000
__Hclrtext                            clrtext      000000
__Hcomram                             comram       000000
__Hconfig                             config       30000A
__Hconst                              const        000000
__HcstackBANK0                        cstackBANK0  000000
__HcstackBANK1                        cstackBANK1  000000
__HcstackCOMRAM                       cstackCOMRAM 000000
__Hdata                               data         000000
__HdataBANK0                          dataBANK0    000000
__HdataBANK1                          dataBANK1    000000
__Heeprom_data                        eeprom_data  000000
__Hfarbss                             farbss       000000
__Hfardata                            fardata      000000
__Hibigdata                           ibigdata     000000
__Hidata                              idata        000000
__HidataBANK0                         idataBANK0   000000
__HidataBANK1                         idataBANK1   000000
__Hidloc                              idloc        200010
__Hifardata                           ifardata     000000
__Hinit                               init         0000B2
__Hintsave_regs                       intsave_regs 000000
__Hirdata                             irdata       000000
__Hivt0x8                             ivt0x8       0000AE
__Hmediumconst                        mediumconst  000000
__HnvFARRAM                           nvFARRAM     000000
__Hnvbit                              nvbit        000000
__Hnvrram                             nvrram       000000
__Hparam                              rparam       000000
__Hpowerup                            powerup      000000
__Hram                                ram          000000
__Hramtop                             ramtop       002000
__Hrbit                               rbit         000000
__Hrbss                               rbss         000000
__Hrdata                              rdata        000000
__Hreset_vec                          reset_vec    000004
__Hrparam                             rparam       000000
__Hsfr                                sfr          000000
__Hsmallconst                         smallconst   0020CA
__Hspace_0                            (abs)        30000A
__Hspace_1                            (abs)        00016E
__Hspace_2                            (abs)        000000
__Hstack                              stack        000000
__Hstruct                             struct       000000
__Htemp                               temp         000000
__Htext                               text         000000
__Htext0                              text0        000000
__Htext1                              text1        000000
__Htext10                             text10       000000
__Htext11                             text11       000000
__Htext12                             text12       000000
__Htext13                             text13       000000
__Htext14                             text14       000000
__Htext15                             text15       000000
__Htext16                             text16       000000
__Htext17                             text17       000000
__Htext18                             text18       000000
__Htext19                             text19       000000
__Htext2                              text2        000000
__Htext20                             text20       000000
__Htext21                             text21       000000
__Htext22                             text22       000000
__Htext23                             text23       000000
__Htext24                             text24       000000
__Htext25                             text25       000000
__Htext26                             text26       000000
__Htext27                             text27       000000
__Htext28                             text28       000000
__Htext29                             text29       000000
__Htext3                              text3        000000
__Htext30                             text30       000000
__Htext31                             text31       000000
__Htext32                             text32       000000
__Htext33                             text33       000000
__Htext34                             text34       000000
__Htext35                             text35       000000
__Htext36                             text36       000000
__Htext37                             text37       000000
__Htext38                             text38       000000
__Htext39                             text39       000000
__Htext4                              text4        000000
__Htext40                             text40       000000
__Htext41                             text41       000000
__Htext42                             text42       000000
__Htext43                             text43       000000
__Htext44                             text44       000000
__Htext45                             text45       000000
__Htext46                             text46       000000
__Htext47                             text47       000000
__Htext48                             text48       000000
__Htext49                             text49       000000
__Htext5                              text5        000000
__Htext50                             text50       000000
__Htext51                             text51       000000
__Htext52                             text52       000000
__Htext53                             text53       000000
__Htext54                             text54       000000
__Htext55                             text55       000000
__Htext56                             text56       000000
__Htext57                             text57       000000
__Htext58                             text58       000000
__Htext59                             text59       000000
__Htext6                              text6        000000
__Htext60                             text60       000000
__Htext61                             text61       000000
__Htext62                             text62       000000
__Htext63                             text63       000000
__Htext64                             text64       000000
__Htext65                             text65       000000
__Htext66                             text66       000000
__Htext67                             text67       000000
__Htext68                             text68       000000
__Htext69                             text69       000000
__Htext7                              text7        000000
__Htext70                             text70       000000
__Htext71                             text71       000000
__Htext72                             text72       000000
__Htext73                             text73       000000
__Htext74                             text74       000000
__Htext8                              text8        000000
__Htext9                              text9        000000
__LRAM                                (abs)        000001
__Labs1                               abs1         000000
__Lbank0                              bank0        000000
__Lbank1                              bank1        000000
__Lbank10                             bank10       000000
__Lbank11                             bank11       000000
__Lbank12                             bank12       000000
__Lbank13                             bank13       000000
__Lbank14                             bank14       000000
__Lbank15                             bank15       000000
__Lbank16                             bank16       000000
__Lbank17                             bank17       000000
__Lbank18                             bank18       000000
__Lbank19                             bank19       000000
__Lbank2                              bank2        000000
__Lbank20                             bank20       000000
__Lbank21                             bank21       000000
__Lbank22                             bank22       000000
__Lbank23                             bank23       000000
__Lbank24                             bank24       000000
__Lbank25                             bank25       000000
__Lbank26                             bank26       000000
__Lbank27                             bank27       000000
__Lbank28                             bank28       000000
__Lbank29                             bank29       000000
__Lbank3                              bank3        000000
__Lbank30                             bank30       000000
__Lbank31                             bank31       000000
__Lbank4                              bank4        000000
__Lbank5                              bank5        000000
__Lbank6                              bank6        000000
__Lbank7                              bank7        000000
__Lbank8                              bank8        000000
__Lbank9                              bank9        000000
__Lbigbss                             bigbss       000000
__Lbigdata                            bigdata      000000
__Lbigram                             bigram       000000
__Lbss                                bss          000000
__LbssBANK0                           bssBANK0     000000
__LbssBANK1                           bssBANK1     000000
__LbssCOMRAM                          bssCOMRAM    000000
__Lcinit                              cinit        000000
__Lclrtext                            clrtext      000000
__Lcomram                             comram       000000
__Lconfig                             config       300000
__Lconst                              const        000000
__LcstackBANK0                        cstackBANK0  000000
__LcstackBANK1                        cstackBANK1  000000
__LcstackCOMRAM                       cstackCOMRAM 000000
__Ldata                               data         000000
__LdataBANK0                          dataBANK0    000000
__LdataBANK1                          dataBANK1    000000
__Leeprom_data                        eeprom_data  000000
__Lfarbss                             farbss       000000
__Lfardata                            fardata      000000
__Libigdata                           ibigdata     000000
__Lidata                              idata        000000
__LidataBANK0                         idataBANK0   000000
__LidataBANK1                         idataBANK1   000000
__Lidloc                              idloc        200000
__Lifardata                           ifardata     000000
__Linit                               init         0000AE
__Lintsave_regs                       intsave_regs 000000
__Lirdata                             irdata       000000
__Livt0x8                             ivt0x8       000008
__Lmediumconst                        mediumconst  000000
__LnvFARRAM                           nvFARRAM     000000
__Lnvbit                              nvbit        000000
__Lnvrram                             nvrram       000000
__Lparam                              rparam       000000
__Lpowerup                            powerup      000000
__Lram                                ram          000000
__Lramtop                             ramtop       002000
__Lrbit                               rbit         000000
__Lrbss                               rbss         000000
__Lrdata                              rdata        000000
__Lreset_vec                          reset_vec    000000
__Lrparam                             rparam       000000
__Lsfr                                sfr          000000
__Lsmallconst                         smallconst   002000
__Lspace_0                            (abs)        000000
__Lspace_1                            (abs)        000000
__Lspace_2                            (abs)        000000
__Lstack                              stack        000000
__Lstruct                             struct       000000
__Ltemp                               temp         000000
__Ltext                               text         000000
__Ltext0                              text0        000000
__Ltext1                              text1        000000
__Ltext10                             text10       000000
__Ltext11                             text11       000000
__Ltext12                             text12       000000
__Ltext13                             text13       000000
__Ltext14                             text14       000000
__Ltext15                             text15       000000
__Ltext16                             text16       000000
__Ltext17                             text17       000000
__Ltext18                             text18       000000
__Ltext19                             text19       000000
__Ltext2                              text2        000000
__Ltext20                             text20       000000
__Ltext21                             text21       000000
__Ltext22                             text22       000000
__Ltext23                             text23       000000
__Ltext24                             text24       000000
__Ltext25                             text25       000000
__Ltext26                             text26       000000
__Ltext27                             text27       000000
__Ltext28                             text28       000000
__Ltext29                             text29       000000
__Ltext3                              text3        000000
__Ltext30                             text30       000000
__Ltext31                             text31       000000
__Ltext32                             text32       000000
__Ltext33                             text33       000000
__Ltext34                             text34       000000
__Ltext35                             text35       000000
__Ltext36                             text36       000000
__Ltext37                             text37       000000
__Ltext38                             text38       000000
__Ltext39                             text39       000000
__Ltext4                              text4        000000
__Ltext40                             text40       000000
__Ltext41                             text41       000000
__Ltext42                             text42       000000
__Ltext43                             text43       000000
__Ltext44                             text44       000000
__Ltext45                             text45       000000
__Ltext46                             text46       000000
__Ltext47                             text47       000000
__Ltext48                             text48       000000
__Ltext49                             text49       000000
__Ltext5                              text5        000000
__Ltext50                             text50       000000
__Ltext51                             text51       000000
__Ltext52                             text52       000000
__Ltext53                             text53       000000
__Ltext54                             text54       000000
__Ltext55                             text55       000000
__Ltext56                             text56       000000
__Ltext57                             text57       000000
__Ltext58                             text58       000000
__Ltext59                             text59       000000
__Ltext6                              text6        000000
__Ltext60                             text60       000000
__Ltext61                             text61       000000
__Ltext62                             text62       000000
__Ltext63                             text63       000000
__Ltext64                             text64       000000
__Ltext65                             text65       000000
__Ltext66                             text66       000000
__Ltext67                             text67       000000
__Ltext68                             text68       000000
__Ltext69                             text69       000000
__Ltext7                              text7        000000
__Ltext70                             text70       000000
__Ltext71                             text71       000000
__Ltext72                             text72       000000
__Ltext73                             text73       000000
__Ltext74                             text74       000000
__Ltext8                              text8        000000
__Ltext9                              text9        000000
__S0                                  (abs)        30000A
__S1                                  (abs)        00016E
__S2                                  (abs)        000000
___fladd                              text25       0040F0
___fladd@a                            cstackCOMRAM 000039
___fladd@aexp                         cstackBANK0  000061
___fladd@b                            cstackCOMRAM 000035
___fladd@bexp                         cstackBANK0  000062
___fladd@grs                          cstackBANK0  000063
___fladd@signs                        cstackBANK0  000060
___fldiv                              text27       004A8A
___fldiv@a                            cstackCOMRAM 000020
___fldiv@aexp                         cstackCOMRAM 000034
___fldiv@b                            cstackCOMRAM 00001C
___fldiv@bexp                         cstackCOMRAM 000033
___fldiv@grs                          cstackCOMRAM 00002F
___fldiv@new_exp                      cstackCOMRAM 00002D
___fldiv@rem                          cstackCOMRAM 000029
___fldiv@sign                         cstackCOMRAM 000028
___flge                               text26       005AC6
___flge@ff1                           cstackCOMRAM 00000E
___flge@ff2                           cstackCOMRAM 000012
___flmul                              text24       003D3E
___flmul@a                            cstackBANK0  000068
___flmul@aexp                         cstackBANK0  000071
___flmul@b                            cstackBANK0  000064
___flmul@bexp                         cstackBANK0  000076
___flmul@grs                          cstackBANK0  000072
___flmul@prod                         cstackBANK0  000077
___flmul@sign                         cstackBANK0  000070
___flmul@temp                         cstackBANK0  00007B
___flneg                              text22       0065FC
___flneg@f1                           cstackCOMRAM 00001C
___flsub                              text10       00631E
___flsub@a                            cstackBANK0  000093
___flsub@b                            cstackBANK0  00008F
___fltol                              text17       005F4A
___fltol@exp1                         cstackCOMRAM 000046
___fltol@f1                           cstackBANK0  00007D
___fltol@sign1                        cstackCOMRAM 000045
___inthi_sp                           stack        000000
___intlo_sp                           stack        000000
___param_bank                         (abs)        000000
___rparam_used                        (abs)        000001
___sp                                 stack        000000
___xxtofl                             text16       0056A0
___xxtofl@arg                         cstackCOMRAM 000018
___xxtofl@exp                         cstackCOMRAM 000017
___xxtofl@sign                        cstackCOMRAM 000016
___xxtofl@val                         cstackCOMRAM 00000E
__accesstop                           (abs)        000060
__activetblptr                        (abs)        000003
__end_of_B_motor                      text56       006700
__end_of_B_motor_LAT                  text57       0067E4
__end_of_Bank0_Reg                    smallconst   002067
__end_of_Bank1_Reg0_13                smallconst   002039
__end_of_Bank1_Reg14                  smallconst   002072
__end_of_Default_ISR                  text70       006B5A
__end_of_EXT_INT_Initialize           text43       006B44
__end_of_E_motor                      text68       0064C4
__end_of_E_motor_LAT                  text69       006884
__end_of_G_motor                      text65       00631E
__end_of_G_motor_LAT                  text66       00685C
__end_of_G_start_check                text51       006A9E
__end_of_INT0_ISR                     text71       00669C
__end_of_INTERRUPT_Initialize         text42       006474
__end_of_LW_motor                     text59       006732
__end_of_LW_motor_LAT                 text60       00680C
__end_of_OSCILLATOR_Initialize        text41       006A86
__end_of_PIN_MANAGER_Initialize       text40       0061AC
__end_of_PMD_Initialize               text39       006980
__end_of_RFM70_Initialize             text45       003942
__end_of_RW_motor                     text62       006764
__end_of_RW_motor_LAT                 text63       006834
__end_of_RX0_Address                  smallconst   002078
__end_of_RX1_Address                  smallconst   002075
__end_of_SEG_start_check              text44       006548
__end_of_SPI1_Initialize              text38       006A6E
__end_of_SPI_RW                       text50       006B22
__end_of_SPI_Read_Buf                 text73       0065C2
__end_of_SPI_Read_Reg                 text48       006A22
__end_of_SPI_Write_Buf                text49       0065FC
__end_of_SPI_Write_Reg                text47       006A3C
__end_of_SYSTEM_Initialize            text31       0066CE
__end_of_S_motor                      text53       006424
__end_of_S_motor_LAT                  text54       0067BC
__end_of_SwitchCFG                    text46       006666
__end_of_SwitchToRxMode               text30       006506
__end_of_TMR1_ISR                     text52       0069C4
__end_of_TMR1_Initialize              text37       00695C
__end_of_TMR2_ISR                     text55       006AB6
__end_of_TMR2_Initialize              text36       006938
__end_of_TMR3_ISR                     text67       006A04
__end_of_TMR3_Initialize              text35       006914
__end_of_TMR4_ISR                     text58       006ACE
__end_of_TMR4_Initialize              text34       0068F0
__end_of_TMR5_ISR                     text64       0069E4
__end_of_TMR5_Initialize              text33       0068CC
__end_of_TMR6_ISR                     text61       006AE6
__end_of_TMR6_Initialize              text32       0068A8
__end_of___fladd                      text25       004470
__end_of___fldiv                      text27       004D70
__end_of___flge                       text26       005BF6
__end_of___flmul                      text24       0040F0
__end_of___flneg                      text22       006632
__end_of___flsub                      text10       00637E
__end_of___fltol                      text17       006038
__end_of___xxtofl                     text16       005814
__end_of__initialization              cinit        0062AE
__end_of_atan                         text20       004A8A
__end_of_base_motors_off              text29       006B50
__end_of_cos                          text7        005E44
__end_of_elbow_shoulder_motors_off    text28       006B0E
__end_of_eval_poly                    text23       005AC6
__end_of_fabs                         text21       0063D2
__end_of_floor                        text9        005976
__end_of_frexp                        text15       00623A
__end_of_main                         text0        002F54
__end_of_next_rad_calculation_manual  text18       0052C4
__end_of_next_steps_calculation       text12       0056A0
__end_of_pitch_roll_motors_off        text11       006AFA
__end_of_rad_calculation_auto         text6        003526
__end_of_rad_calculation_manual       text5        00501A
__end_of_rad_copy                     text4        0069A2
__end_of_real_rad_calculation         text3        005D20
__end_of_round                        text13       005F4A
__end_of_sin                          text8        003D3E
__end_of_sqrt                         text19       00479C
__end_of_steps_calculation            text2        0054B2
__end_of_trunc                        text14       006106
__end_of_values_update                text1        006586
__end_ofatan@coeff_a                  smallconst   002090
__end_ofatan@coeff_b                  smallconst   0020B8
__end_ofi2_SPI_RW                     text74       006B36
__end_ofi2_SPI_Write_Reg              text72       006A56
__end_ofsin@coeff_a                   smallconst   0020A4
__end_ofsin@coeff_b                   smallconst   0020C8
__initialization                      cinit        00623A
__mediumconst                         mediumconst  000000
__pbssBANK0                           bssBANK0     0000B9
__pbssBANK1                           bssBANK1     000130
__pbssCOMRAM                          bssCOMRAM    000047
__pcinit                              cinit        00623A
__pcstackBANK0                        cstackBANK0  000060
__pcstackBANK1                        cstackBANK1  00015E
__pcstackCOMRAM                       cstackCOMRAM 000001
__pdataBANK0                          dataBANK0    0000F9
__pdataBANK1                          dataBANK1    000100
__pidataBANK0                         idataBANK0   006B50
__pidataBANK1                         idataBANK1   006764
__pivt0x8                             ivt0x8       000008
__psmallconst                         smallconst   002000
__ptext0                              text0        0020CA
__ptext1                              text1        006548
__ptext10                             text10       00631E
__ptext11                             text11       006AE6
__ptext12                             text12       0054B2
__ptext13                             text13       005E44
__ptext14                             text14       006038
__ptext15                             text15       0061AC
__ptext16                             text16       0056A0
__ptext17                             text17       005F4A
__ptext18                             text18       00501A
__ptext19                             text19       004470
__ptext2                              text2        0052C4
__ptext20                             text20       00479C
__ptext21                             text21       00637E
__ptext22                             text22       0065FC
__ptext23                             text23       005976
__ptext24                             text24       003D3E
__ptext25                             text25       0040F0
__ptext26                             text26       005AC6
__ptext27                             text27       004A8A
__ptext28                             text28       006AFA
__ptext29                             text29       006B44
__ptext3                              text3        005BF6
__ptext30                             text30       0064C4
__ptext31                             text31       00669C
__ptext32                             text32       006884
__ptext33                             text33       0068A8
__ptext34                             text34       0068CC
__ptext35                             text35       0068F0
__ptext36                             text36       006914
__ptext37                             text37       006938
__ptext38                             text38       006A56
__ptext39                             text39       00695C
__ptext4                              text4        006980
__ptext40                             text40       006106
__ptext41                             text41       006A6E
__ptext42                             text42       006424
__ptext43                             text43       006B36
__ptext44                             text44       006506
__ptext45                             text45       003526
__ptext46                             text46       006632
__ptext47                             text47       006A22
__ptext48                             text48       006A04
__ptext49                             text49       0065C2
__ptext5                              text5        004D70
__ptext50                             text50       006B0E
__ptext51                             text51       006A86
__ptext52                             text52       0069A4
__ptext53                             text53       0063D2
__ptext54                             text54       006794
__ptext55                             text55       006AA0
__ptext56                             text56       0066CE
__ptext57                             text57       0067BC
__ptext58                             text58       006AB8
__ptext59                             text59       006700
__ptext6                              text6        002F54
__ptext60                             text60       0067E4
__ptext61                             text61       006AD0
__ptext62                             text62       006732
__ptext63                             text63       00680C
__ptext64                             text64       0069C4
__ptext65                             text65       0062B4
__ptext66                             text66       006834
__ptext67                             text67       0069E4
__ptext68                             text68       006474
__ptext69                             text69       00685C
__ptext7                              text7        005D20
__ptext70                             text70       006B58
__ptext71                             text71       006668
__ptext72                             text72       006A3C
__ptext73                             text73       006586
__ptext74                             text74       006B22
__ptext8                              text8        003942
__ptext9                              text9        005814
__ramtop                              ramtop       002000
__size_of_B_motor                     (abs)        000000
__size_of_B_motor_LAT                 (abs)        000000
__size_of_Default_ISR                 (abs)        000000
__size_of_EXT_INT_Initialize          (abs)        000000
__size_of_E_motor                     (abs)        000000
__size_of_E_motor_LAT                 (abs)        000000
__size_of_G_motor                     (abs)        000000
__size_of_G_motor_LAT                 (abs)        000000
__size_of_G_start_check               (abs)        000000
__size_of_INT0_ISR                    (abs)        000000
__size_of_INTERRUPT_Initialize        (abs)        000000
__size_of_LW_motor                    (abs)        000000
__size_of_LW_motor_LAT                (abs)        000000
__size_of_OSCILLATOR_Initialize       (abs)        000000
__size_of_PIN_MANAGER_Initialize      (abs)        000000
__size_of_PMD_Initialize              (abs)        000000
__size_of_RFM70_Initialize            (abs)        000000
__size_of_RW_motor                    (abs)        000000
__size_of_RW_motor_LAT                (abs)        000000
__size_of_SEG_start_check             (abs)        000000
__size_of_SPI1_Initialize             (abs)        000000
__size_of_SPI_RW                      (abs)        000000
__size_of_SPI_Read_Buf                (abs)        000000
__size_of_SPI_Read_Reg                (abs)        000000
__size_of_SPI_Write_Buf               (abs)        000000
__size_of_SPI_Write_Reg               (abs)        000000
__size_of_SYSTEM_Initialize           (abs)        000000
__size_of_S_motor                     (abs)        000000
__size_of_S_motor_LAT                 (abs)        000000
__size_of_SwitchCFG                   (abs)        000000
__size_of_SwitchToRxMode              (abs)        000000
__size_of_TMR1_ISR                    (abs)        000000
__size_of_TMR1_Initialize             (abs)        000000
__size_of_TMR2_ISR                    (abs)        000000
__size_of_TMR2_Initialize             (abs)        000000
__size_of_TMR3_ISR                    (abs)        000000
__size_of_TMR3_Initialize             (abs)        000000
__size_of_TMR4_ISR                    (abs)        000000
__size_of_TMR4_Initialize             (abs)        000000
__size_of_TMR5_ISR                    (abs)        000000
__size_of_TMR5_Initialize             (abs)        000000
__size_of_TMR6_ISR                    (abs)        000000
__size_of_TMR6_Initialize             (abs)        000000
__size_of___fladd                     (abs)        000000
[...]
      Temps:          0       0       0       0       0       0       0       0       0       0       0       0       0       0       0       0       0       0       0       0       0       0       0       0       0       0       0       0       0       0       0       0       0
      Totals:         0       0       0       0       0       0       0       0       0       0       0       0       0       0       0       0       0       0       0       0       0       0       0       0       0       0       0       0       0       0       0       0       0
Total ram usage:        0 bytes
 Hardware stack levels used:    1
 Hardware stack levels required when called:    3
 This function calls:
		Nothing
 This function is called by:
		_E_motor
 This function uses a non-reentrant model


 *************** function _Default_ISR *****************
 Defined at:
		line 81 in file "mcc_generated_files/interrupt_manager.c"
 Parameters:    Size  Location     Type
		None
 Auto vars:     Size  Location     Type
		None
 Return value:  Size  Location     Type
                  1    wreg      void 
 Registers used:
		None
 Tracked objects:
		On entry : 
		On exit  : 
		Unchanged: 
 Data sizes:     COMRAM   BANK0   BANK1   BANK2   BANK3   BANK4   BANK5   BANK6   BANK7   BANK8   BANK9  BANK10  BANK11  BANK12  BANK13  BANK14  BANK15  BANK16  BANK17  BANK18  BANK19  BANK20  BANK21  BANK22  BANK23  BANK24  BANK25  BANK26  BANK27  BANK28  BANK29  BANK30  BANK31
      Params:         0       0       0       0       0       0       0       0       0       0       0       0       0       0       0       0       0       0       0       0       0       0       0       0       0       0       0       0       0       0       0       0       0
      Locals:         0       0       0       0       0       0       0       0       0       0       0       0       0       0       0       0       0       0       0       0       0       0       0       0       0       0       0       0       0       0       0       0       0
      Temps:          0       0       0       0       0       0       0       0       0       0       0       0       0       0       0       0       0       0       0       0       0       0       0       0       0       0       0       0       0       0       0       0       0
      Totals:         0       0       0       0       0       0       0       0       0       0       0       0       0       0       0       0       0       0       0       0       0       0       0       0       0       0       0       0       0       0       0       0       0
Total ram usage:        0 bytes
 Hardware stack levels used:    1
 This function calls:
		Nothing
 This function is called by:
		Interrupt level 2
 This function uses a non-reentrant model


 *************** function _INT0_ISR *****************
 Defined at:
		line 28 in file "mcc_generated_files/ext_int.c"
 Parameters:    Size  Location     Type
		None
 Auto vars:     Size  Location     Type
		None
 Return value:  Size  Location     Type
                  1    wreg      void 
 Registers used:
		wreg, fsr2l, fsr2h, status,2, status,0, prodl, prodh, cstack
 Tracked objects:
		On entry : 
		On exit  : 
		Unchanged: 
 Data sizes:     COMRAM   BANK0   BANK1   BANK2   BANK3   BANK4   BANK5   BANK6   BANK7   BANK8   BANK9  BANK10  BANK11  BANK12  BANK13  BANK14  BANK15  BANK16  BANK17  BANK18  BANK19  BANK20  BANK21  BANK22  BANK23  BANK24  BANK25  BANK26  BANK27  BANK28  BANK29  BANK30  BANK31
      Params:         0       0       0       0       0       0       0       0       0       0       0       0       0       0       0       0       0       0       0       0       0       0       0       0       0       0       0       0       0       0       0       0       0
      Locals:         0       0       0       0       0       0       0       0       0       0       0       0       0       0       0       0       0       0       0       0       0       0       0       0       0       0       0       0       0       0       0       0       0
      Temps:          0       0       0       0       0       0       0       0       0       0       0       0       0       0       0       0       0       0       0       0       0       0       0       0       0       0       0       0       0       0       0       0       0
      Totals:         0       0       0       0       0       0       0       0       0       0       0       0       0       0       0       0       0       0       0       0       0       0       0       0       0       0       0       0       0       0       0       0       0
Total ram usage:        0 bytes
 Hardware stack levels used:    1
 Hardware stack levels required when called:    2
 This function calls:
		_SPI_Read_Buf
		i2_SPI_Write_Reg
 This function is called by:
		Interrupt level 2
 This function uses a non-reentrant model


 *************** function i2_SPI_Write_Reg *****************
 Defined at:
		line 144 in file "RFM70_init_Rx.c"
 Parameters:    Size  Location     Type
  reg             1    wreg     unsigned char 
  value           1    1[COMRAM] unsigned char 
 Auto vars:     Size  Location     Type
  reg             1    2[COMRAM] unsigned char 
  SPI_Write_Re    1    3[COMRAM] unsigned char 
 Return value:  Size  Location     Type
                  1    wreg      void 
 Registers used:
		wreg, status,2, cstack
 Tracked objects:
		On entry : 
		On exit  : 
		Unchanged: 
 Data sizes:     COMRAM   BANK0   BANK1   BANK2   BANK3   BANK4   BANK5   BANK6   BANK7   BANK8   BANK9  BANK10  BANK11  BANK12  BANK13  BANK14  BANK15  BANK16  BANK17  BANK18  BANK19  BANK20  BANK21  BANK22  BANK23  BANK24  BANK25  BANK26  BANK27  BANK28  BANK29  BANK30  BANK31
      Params:         1       0       0       0       0       0       0       0       0       0       0       0       0       0       0       0       0       0       0       0       0       0       0       0       0       0       0       0       0       0       0       0       0
      Locals:         2       0       0       0       0       0       0       0       0       0       0       0       0       0       0       0       0       0       0       0       0       0       0       0       0       0       0       0       0       0       0       0       0
      Temps:          0       0       0       0       0       0       0       0       0       0       0       0       0       0       0       0       0       0       0       0       0       0       0       0       0       0       0       0       0       0       0       0       0
      Totals:         3       0       0       0       0       0       0       0       0       0       0       0       0       0       0       0       0       0       0       0       0       0       0       0       0       0       0       0       0       0       0       0       0
Total ram usage:        3 bytes
 Hardware stack levels used:    1
 Hardware stack levels required when called:    1
 This function calls:
		i2_SPI_RW
 This function is called by:
		_INT0_ISR
 This function uses a non-reentrant model


 *************** function _SPI_Read_Buf *****************
 Defined at:
		line 177 in file "RFM70_init_Rx.c"
 Parameters:    Size  Location     Type
  reg             1    wreg     unsigned char 
  pBuf            2    1[COMRAM] PTR unsigned char 
		 -> rx_buf(2), 
  length          1    3[COMRAM] unsigned char 
 Auto vars:     Size  Location     Type
  reg             1    5[COMRAM] unsigned char 
  byte_ctr        1    6[COMRAM] unsigned char 
  status          1    4[COMRAM] unsigned char 
 Return value:  Size  Location     Type
                  1    wreg      void 
 Registers used:
		wreg, fsr2l, fsr2h, status,2, status,0, prodl, prodh, cstack
 Tracked objects:
		On entry : 
		On exit  : 
		Unchanged: 
 Data sizes:     COMRAM   BANK0   BANK1   BANK2   BANK3   BANK4   BANK5   BANK6   BANK7   BANK8   BANK9  BANK10  BANK11  BANK12  BANK13  BANK14  BANK15  BANK16  BANK17  BANK18  BANK19  BANK20  BANK21  BANK22  BANK23  BANK24  BANK25  BANK26  BANK27  BANK28  BANK29  BANK30  BANK31
      Params:         3       0       0       0       0       0       0       0       0       0       0       0       0       0       0       0       0       0       0       0       0       0       0       0       0       0       0       0       0       0       0       0       0
      Locals:         3       0       0       0       0       0       0       0       0       0       0       0       0       0       0       0       0       0       0       0       0       0       0       0       0       0       0       0       0       0       0       0       0
      Temps:          0       0       0       0       0       0       0       0       0       0       0       0       0       0       0       0       0       0       0       0       0       0       0       0       0       0       0       0       0       0       0       0       0
      Totals:         6       0       0       0       0       0       0       0       0       0       0       0       0       0       0       0       0       0       0       0       0       0       0       0       0       0       0       0       0       0       0       0       0
Total ram usage:        6 bytes
 Hardware stack levels used:    1
 Hardware stack levels required when called:    1
 This function calls:
		i2_SPI_RW
 This function is called by:
		_INT0_ISR
 This function uses a non-reentrant model


 *************** function i2_SPI_RW *****************
 Defined at:
		line 128 in file "RFM70_init_Rx.c"
 Parameters:    Size  Location     Type
  value           1    wreg     unsigned char 
 Auto vars:     Size  Location     Type
  value           1    0[COMRAM] unsigned char 
 Return value:  Size  Location     Type
                  1    wreg      unsigned char 
 Registers used:
		wreg, status,2
 Tracked objects:
		On entry : 
		On exit  : 
		Unchanged: 
 Data sizes:     COMRAM   BANK0   BANK1   BANK2   BANK3   BANK4   BANK5   BANK6   BANK7   BANK8   BANK9  BANK10  BANK11  BANK12  BANK13  BANK14  BANK15  BANK16  BANK17  BANK18  BANK19  BANK20  BANK21  BANK22  BANK23  BANK24  BANK25  BANK26  BANK27  BANK28  BANK29  BANK30  BANK31
      Params:         0       0       0       0       0       0       0       0       0       0       0       0       0       0       0       0       0       0       0       0       0       0       0       0       0       0       0       0       0       0       0       0       0
      Locals:         1       0       0       0       0       0       0       0       0       0       0       0       0       0       0       0       0       0       0       0       0       0       0       0       0       0       0       0       0       0       0       0       0
      Temps:          0       0       0       0       0       0       0       0       0       0       0       0       0       0       0       0       0       0       0       0       0       0       0       0       0       0       0       0       0       0       0       0       0
      Totals:         1       0       0       0       0       0       0       0       0       0       0       0       0       0       0       0       0       0       0       0       0       0       0       0       0       0       0       0       0       0       0       0       0
Total ram usage:        1 bytes
 Hardware stack levels used:    1
 This function calls:
		Nothing
 This function is called by:
		_SPI_Read_Buf
		i2_SPI_Write_Reg
 This function uses a non-reentrant model



MODULE INFORMATION

Module		Function		Class		Link	Load	Size
RoboticArm.c
		_real_rad_calculation		CODE           	5BF6	0000	299
		_rad_copy      		CODE           	6980	0000	35
		_next_rad_calculation_manual		CODE           	501A	0000	683
		_main          		CODE           	20CA	0000	3723
		_rad_calculation_manual		CODE           	4D70	0000	683
		_values_update 		CODE           	6548	0000	63
		_base_motors_off		CODE           	6B44	0000	13
		_pitch_roll_motors_off		CODE           	6AE6	0000	21
		_next_steps_calculation		CODE           	54B2	0000	495
		_steps_calculation		CODE           	52C4	0000	495
		_elbow_shoulder_motors_off		CODE           	6AFA	0000	21
		_rad_calculation_auto		CODE           	2F54	0000	1491

RoboticArm.c estimated size: 8022

mcc_generated_files/tmr6.c
		_TMR6_ISR      		CODE           	6AD0	0000	23
		_TMR6_Initialize		CODE           	6884	0000	37

mcc_generated_files/tmr6.c estimated size: 60

mcc_generated_files/tmr4.c
		_TMR4_ISR      		CODE           	6AB8	0000	23
		_TMR4_Initialize		CODE           	68CC	0000	37

mcc_generated_files/tmr4.c estimated size: 60

D:\Program Files (x86)\Microchip\xc8\v1.45\sources\common\floor.c
		_floor         		CODE           	5814	0000	355

D:\Program Files (x86)\Microchip\xc8\v1.45\sources\common\floor.c estimated size: 355

D:\Program Files (x86)\Microchip\xc8\v1.45\sources\common\sprcmul.c
		___flmul       		CODE           	3D3E	0000	947

D:\Program Files (x86)\Microchip\xc8\v1.45\sources\common\sprcmul.c estimated size: 947

mcc_generated_files/tmr2.c
		_TMR2_ISR      		CODE           	6AA0	0000	23
		_TMR2_Initialize		CODE           	6914	0000	37

mcc_generated_files/tmr2.c estimated size: 60

mcc_generated_files/interrupt_manager.c
		_INTERRUPT_Initialize		CODE           	6424	0000	81
		_Default_ISR   		CODE           	6B58	0000	3

mcc_generated_files/interrupt_manager.c estimated size: 84

D:\Program Files (x86)\Microchip\xc8\v1.45\sources\common\sprcdiv.c
		___fldiv       		CODE           	4A8A	0000	743

D:\Program Files (x86)\Microchip\xc8\v1.45\sources\common\sprcdiv.c estimated size: 743

D:\Program Files (x86)\Microchip\xc8\v1.45\sources\common\atan.c
		_atan          		CODE           	479C	0000	751

D:\Program Files (x86)\Microchip\xc8\v1.45\sources\common\atan.c estimated size: 751

mcc_generated_files/pin_manager.c
		_PIN_MANAGER_Initialize		CODE           	6106	0000	167

mcc_generated_files/pin_manager.c estimated size: 167

D:\Program Files (x86)\Microchip\xc8\v1.45\sources\common\cos.c
		_cos           		CODE           	5D20	0000	293

D:\Program Files (x86)\Microchip\xc8\v1.45\sources\common\cos.c estimated size: 293

D:\Program Files (x86)\Microchip\xc8\v1.45\sources\common\fltol.c
		___fltol       		CODE           	5F4A	0000	239

D:\Program Files (x86)\Microchip\xc8\v1.45\sources\common\fltol.c estimated size: 239

mcc_generated_files/spi1.c
		_SPI1_Initialize		CODE           	6A56	0000	25

mcc_generated_files/spi1.c estimated size: 25

D:\Program Files (x86)\Microchip\xc8\v1.45\sources\common\trunc.c
		_trunc         		CODE           	6038	0000	207

D:\Program Files (x86)\Microchip\xc8\v1.45\sources\common\trunc.c estimated size: 207

D:\Program Files (x86)\Microchip\xc8\v1.45\sources\common\evalpoly.c
		_eval_poly     		CODE           	5976	0000	337

D:\Program Files (x86)\Microchip\xc8\v1.45\sources\common\evalpoly.c estimated size: 337

D:\Program Files (x86)\Microchip\xc8\v1.45\sources\common\xxtofl.c
		___xxtofl      		CODE           	56A0	0000	373

D:\Program Files (x86)\Microchip\xc8\v1.45\sources\common\xxtofl.c estimated size: 373

mcc_generated_files/ext_int.c
		_EXT_INT_Initialize		CODE           	6B36	0000	15
		_INT0_ISR      		CODE           	6668	0000	53

mcc_generated_files/ext_int.c estimated size: 68

Functions.c
		_LW_motor      		CODE           	6700	0000	51
		_B_motor       		CODE           	66CE	0000	51
		_LW_motor_LAT  		CODE           	67E4	0000	41
		_G_start_check 		CODE           	6A86	0000	25
		_SEG_start_check		CODE           	6506	0000	67
		_RW_motor      		CODE           	6732	0000	51
		_B_motor_LAT   		CODE           	67BC	0000	41
		_E_motor       		CODE           	6474	0000	81
		_G_motor       		CODE           	62B4	0000	107
		_E_motor_LAT   		CODE           	685C	0000	41
		_RW_motor_LAT  		CODE           	680C	0000	41
		_G_motor_LAT   		CODE           	6834	0000	41
		_S_motor       		CODE           	63D2	0000	83
		_S_motor_LAT   		CODE           	6794	0000	41

Functions.c estimated size: 762

D:\Program Files (x86)\Microchip\xc8\v1.45\sources\common\sprcadd.c
		___flsub       		CODE           	631E	0000	97
		___fladd       		CODE           	40F0	0000	897

D:\Program Files (x86)\Microchip\xc8\v1.45\sources\common\sprcadd.c estimated size: 994

mcc_generated_files/tmr5.c
		_TMR5_ISR      		CODE           	69C4	0000	33
		_TMR5_Initialize		CODE           	68A8	0000	37

mcc_generated_files/tmr5.c estimated size: 70

shared
		_Bank0_Reg     		SMALLCONST     	2039	0000	47
		_Bank1_Reg14   		SMALLCONST     	2067	0000	12
		atan@coeff_a   		SMALLCONST     	2078	0000	25
		atan@coeff_b   		SMALLCONST     	20A4	0000	21
		_Bank1_Reg0_13 		SMALLCONST     	2001	0000	57
		_RX0_Address   		SMALLCONST     	2075	0000	4
		__initialization		CODE           	623A	0000	117
		_RX1_Address   		SMALLCONST     	2072	0000	4
		i2_SPI_Write_Reg		CODE           	6A3C	0000	27
		i2_SPI_RW      		CODE           	6B22	0000	21
		sin@coeff_a    		SMALLCONST     	2090	0000	21
		sin@coeff_b    		SMALLCONST     	20B8	0000	17

shared estimated size: 373

mcc_generated_files/mcc.c
		_PMD_Initialize		CODE           	695C	0000	37
		_OSCILLATOR_Initialize		CODE           	6A6E	0000	25
		_SYSTEM_Initialize		CODE           	669C	0000	51

mcc_generated_files/mcc.c estimated size: 113

RFM70_init_Rx.c
		_SPI_RW        		CODE           	6B0E	0000	21
		_SPI_Write_Reg 		CODE           	6A22	0000	27
		_SPI_Write_Buf 		CODE           	65C2	0000	59
		_SPI_Read_Reg  		CODE           	6A04	0000	31
		_SPI_Read_Buf  		CODE           	6586	0000	61
		_RFM70_Initialize		CODE           	3526	0000	1053
		_SwitchToRxMode		CODE           	64C4	0000	67
		_SwitchCFG     		CODE           	6632	0000	53

RFM70_init_Rx.c estimated size: 1372

mcc_generated_files/tmr3.c
		_TMR3_ISR      		CODE           	69E4	0000	33
		_TMR3_Initialize		CODE           	68F0	0000	37

mcc_generated_files/tmr3.c estimated size: 70

D:\Program Files (x86)\Microchip\xc8\v1.45\sources\common\flneg.c
		___flneg       		CODE           	65FC	0000	55

D:\Program Files (x86)\Microchip\xc8\v1.45\sources\common\flneg.c estimated size: 55

D:\Program Files (x86)\Microchip\xc8\v1.45\sources\common\flge.c
		___flge        		CODE           	5AC6	0000	305

D:\Program Files (x86)\Microchip\xc8\v1.45\sources\common\flge.c estimated size: 305

D:\Program Files (x86)\Microchip\xc8\v1.45\sources\common\round.c
		_round         		CODE           	5E44	0000	263

D:\Program Files (x86)\Microchip\xc8\v1.45\sources\common\round.c estimated size: 263

D:\Program Files (x86)\Microchip\xc8\v1.45\sources\common\sprcsqrt.c
		_sqrt          		CODE           	4470	0000	813

D:\Program Files (x86)\Microchip\xc8\v1.45\sources\common\sprcsqrt.c estimated size: 813

mcc_generated_files/tmr1.c
		_TMR1_Initialize		CODE           	6938	0000	37
		_TMR1_ISR      		CODE           	69A4	0000	33

mcc_generated_files/tmr1.c estimated size: 70

D:\Program Files (x86)\Microchip\xc8\v1.45\sources\common\frexp.c
		_frexp         		CODE           	61AC	0000	143

D:\Program Files (x86)\Microchip\xc8\v1.45\sources\common\frexp.c estimated size: 143

D:\Program Files (x86)\Microchip\xc8\v1.45\sources\common\sin.c
		_sin           		CODE           	3942	0000	1021

D:\Program Files (x86)\Microchip\xc8\v1.45\sources\common\sin.c estimated size: 1021

D:\Program Files (x86)\Microchip\xc8\v1.45\sources\common\fabs.c
		_fabs          		CODE           	637E	0000	85

D:\Program Files (x86)\Microchip\xc8\v1.45\sources\common\fabs.c estimated size: 85

